// Jest Snapshot v1, https://goo.gl/fbAQLP

exports[`renders correctly 1`] = `
<div
  className="wrapper"
>
  <h1>
    I am a child element
  </h1>
</div>
`;
