// Jest Snapshot v1, https://goo.gl/fbAQLP

exports[`RoundInstructionsCard renders correctly 1`] = `
<div
  className="sc-AxjAm hDlFTS"
>
  <div
    className="sc-AxiKw dGnLMo"
  >
    Just Relax!
  </div>
  <div
    className="sc-AxhCb JZaCe"
  >
    <p
      className="sc-fzokOt kxxFRs"
    >
      It's the other team's turn to guess! 
      <span
        className="sc-fzqBZW hgCjBU"
      >
        Sam
      </span>
       will be giving the clues, and
       
      <span
        className="sc-fzqBZW hgCjBU"
      >
        Jo
      </span>
       will be checking for any illegal clues.
    </p>
  </div>
</div>
`;
