// Jest Snapshot v1, https://goo.gl/fbAQLP

exports[`Inround rendering and functionality renders correctly 1`] = `
Array [
  <div
    className="sc-AxjAm gtWhgV"
  >
    <div
      className="sc-AxirZ lkJSxu"
      width={100}
    />
    <div
      className="sc-AxiKw hKElRV"
      width={100}
    >
      60
    </div>
  </div>,
  <div
    className="sc-AxhCb gXuWDR"
  >
    <div
      className="sc-AxgMl fZxUmv"
    >
      apple
    </div>
    <div
      className="sc-AxheI gIsRbv"
    >
      <ul
        className="sc-fzoLsD jOQREE"
      >
        <li
          className="sc-Axmtr eKdZYh"
        >
          fruit
        </li>
        <li
          className="sc-Axmtr eKdZYh"
        >
          red
        </li>
        <li
          className="sc-Axmtr eKdZYh"
        >
          shiny
        </li>
        <li
          className="sc-Axmtr eKdZYh"
        >
          round
        </li>
        <li
          className="sc-Axmtr eKdZYh"
        >
          Eve
        </li>
      </ul>
    </div>
    <div
      className="sc-fznZeY heqlvS"
    >
      <button
        className="sc-fzpans cGkFOO"
        disabled={false}
        onClick={[Function]}
      >
        Skip!
      </button>
      <button
        className="sc-fzpans sc-fzplWN fzsIdO"
        disabled={false}
        onClick={[Function]}
      >
        Next!
      </button>
    </div>
  </div>,
]
`;
