// Jest Snapshot v1, https://goo.gl/fbAQLP

exports[`LoadingSpinner renders correctly 1`] = `
.c0 {
  position: absolute;
  left: 50%;
  top: 50%;
  -webkit-transform: translate(-50%,-50%);
  -ms-transform: translate(-50%,-50%);
  transform: translate(-50%,-50%);
  border: #757575 solid 1.8rem;
  border-radius: 50%;
  border-top: #1982C4 solid 1.8rem;
  width: 9rem;
  height: 9rem;
  -webkit-animation: hGPBYj 2s linear infinite;
  animation: hGPBYj 2s linear infinite;
  box-shadow: 0px 2px 1rem rgba(0,0,0,0.5);
}

<div
  className="c0"
/>
`;
