// Jest Snapshot v1, https://goo.gl/fbAQLP

exports[`CreateGameForm renders correctly 1`] = `
<form
  action="#"
  className="sc-AxirZ jZLUev"
  id="createGameForm"
  onReset={[Function]}
  onSubmit={[Function]}
>
  <div
    className="sc-AxiKw ebFOUE"
  >
    <label
      className="sc-AxmLO sc-fzozJi kZdFWe"
      htmlFor="name"
    >
      Enter Your Name
    </label>
    <input
      className="sc-AxgMl egcgFI"
      id="name"
      name="name"
      onBlur={[Function]}
      onChange={[Function]}
      placeholder=""
      tabIndex="1"
      type="text"
      value=""
    />
  </div>
  <span
    className="sc-AxjAm htLRco"
  >
    <div
      className="sc-AxiKw dsnoEE"
    >
      <p
        className="sc-AxhCb bDNQHH"
      >
        Game Mode 
      </p>
      <div
        className="sc-AxhUy fehFXc"
      >
        <input
          checked={true}
          className="sc-AxheI jnBKJW"
          id="remote"
          name="gameMode"
          onBlur={[Function]}
          onChange={[Function]}
          tabIndex="2"
          type="radio"
          value="remote"
        />
        <label
          className="sc-AxmLO XqAik"
          htmlFor="remote"
        >
          Remote
        </label>
      </div>
      <div
        className="sc-AxhUy fehFXc"
      >
        <input
          checked={false}
          className="sc-AxheI jnBKJW"
          id="inPerson"
          name="gameMode"
          onBlur={[Function]}
          onChange={[Function]}
          type="radio"
          value="inPerson"
        />
        <label
          className="sc-AxmLO XqAik"
          htmlFor="inPerson"
        >
          In Person
        </label>
      </div>
    </div>
  </span>
  <div
    className="sc-AxiKw dsnoEE"
  >
    <p
      className="sc-AxhCb bDNQHH"
    >
      End Game Method
    </p>
    <div
      className="sc-AxhUy fehFXc"
    >
      <input
        checked={true}
        className="sc-AxheI jnBKJW"
        id="turns"
        name="endGameMethod"
        onBlur={[Function]}
        onChange={[Function]}
        tabIndex="3"
        type="radio"
        value="turns"
      />
      <label
        className="sc-AxmLO XqAik"
        htmlFor="turns"
      >
        Turns per Person
      </label>
    </div>
    <select
      className="sc-Axmtr hzlKJe"
      disabled={false}
      name="turnsValue"
      onBlur={[Function]}
      onChange={[Function]}
      tabIndex="4"
      value={2}
    >
      <option
        value={1}
      >
        1 Turn
      </option>
      <option
        value={2}
      >
        2 Turns
      </option>
      <option
        value={3}
      >
        3 Turns
      </option>
      <option
        value={4}
      >
        4 Turns
      </option>
      <option
        value={5}
      >
        5 Turns
      </option>
    </select>
    <span
      className="sc-AxjAm htLRco"
    >
      <div
        className="sc-AxhUy fehFXc"
      >
        <input
          checked={false}
          className="sc-AxheI jnBKJW"
          disabled={true}
          id="time"
          name="endGameMethod"
          onBlur={[Function]}
          onChange={[Function]}
          tabIndex="5"
          type="radio"
          value="time"
        />
        <label
          className="sc-AxmLO XqAik"
          htmlFor="time"
        >
          Timer (Coming soon!)
        </label>
      </div>
      <select
        className="sc-Axmtr hzlKJe"
        disabled={true}
        name="timeValue"
        onBlur={[Function]}
        onChange={[Function]}
        tabIndex="6"
        value={60}
      >
        <option
          value={30}
        >
          30 minutes
        </option>
        <option
          value={60}
        >
          60 minutes
        </option>
        <option
          value={90}
        >
          90 minutes
        </option>
      </select>
    </span>
  </div>
  <div
    className="sc-AxiKw dsnoEE"
  >
    <p
      className="sc-AxhCb bDNQHH"
    >
      Skipping Penalty
    </p>
    <div
      className="sc-AxhUy fehFXc"
    >
      <input
        checked={true}
        className="sc-AxheI jnBKJW"
        id="none"
        name="skipPenalty"
        onBlur={[Function]}
        onChange={[Function]}
        tabIndex="7"
        type="radio"
        value="none"
      />
      <label
        className="sc-AxmLO XqAik"
        htmlFor="none"
      >
        None
      </label>
    </div>
    <div
      className="sc-AxhUy fehFXc"
    >
      <input
        checked={false}
        className="sc-AxheI jnBKJW"
        id="half"
        name="skipPenalty"
        onBlur={[Function]}
        onChange={[Function]}
        type="radio"
        value="half"
      />
      <label
        className="sc-AxmLO XqAik"
        htmlFor="half"
      >
        1/2 a Point
      </label>
    </div>
    <div
      className="sc-AxhUy fehFXc"
    >
      <input
        checked={false}
        className="sc-AxheI jnBKJW"
        id="full"
        name="skipPenalty"
        onBlur={[Function]}
        onChange={[Function]}
        type="radio"
        value="full"
      />
      <label
        className="sc-AxmLO XqAik"
        htmlFor="full"
      >
        1 Point
      </label>
    </div>
  </div>
</form>
`;
