// Jest Snapshot v1, https://goo.gl/fbAQLP

exports[`InstructionsCard renders correctly 1`] = `
.c0 {
  font-size: 2rem;
  margin-bottom: 2rem;
  padding: 0 1rem;
  text-align: center;
}

<p
  className="c0"
>
  Here are some instructions to display.
</p>
`;
