// Jest Snapshot v1, https://goo.gl/fbAQLP

exports[`TextLink renders correctly 1`] = `
.c0 {
  -webkit-transition: all .2s ease-in;
  transition: all .2s ease-in;
}

.c0:link,
.c0:visited {
  color: currentColor;
  -webkit-text-decoration: none;
  text-decoration: none;
  -webkit-transform: translateY(0);
  -ms-transform: translateY(0);
  transform: translateY(0);
}

.c0:focus {
  text-shadow: 0px 0.2rem 0.3rem rgba(0,0,0,0.7);
  -webkit-transform: translateY(-3px);
  -ms-transform: translateY(-3px);
  transform: translateY(-3px);
}

.c0:hover {
  -webkit-filter: brightness(1.2);
  filter: brightness(1.2);
}

<a
  className="c0"
  href="/home"
  onClick={[Function]}
  text="I'm a Link"
>
  I'm a Link
</a>
`;
