// Jest Snapshot v1, https://goo.gl/fbAQLP

exports[`renders correctly 1`] = `
<div>
  <button
    onClick={[MockFunction]}
  >
    Back
  </button>
  <button
    onClick={[MockFunction]}
  >
    Next
  </button>
</div>
`;
