// Jest Snapshot v1, https://goo.gl/fbAQLP

exports[`SubmitCardForm renders correctly 1`] = `
<form
  action="#"
  className="sc-AxjAm hyBwHU"
  id="submitCardForm"
  onReset={[Function]}
  onSubmit={[Function]}
>
  <div
    className="sc-AxirZ itgPJw"
  >
    <label
      className="sc-Axmtr sc-AxmLO jMZnwH"
      htmlFor="tabooWord"
    >
      Taboo Word
    </label>
    <input
      className="sc-AxhUy dcifbi"
      id="tabooWord"
      maxLength={35}
      name="tabooWord"
      onBlur={[Function]}
      onChange={[Function]}
      placeholder=""
      tabIndex="1"
      type="text"
      value=""
    />
  </div>
  <div
    className="sc-AxirZ gKpSjo"
  >
    <p
      className="sc-AxiKw jjCqLL"
    >
      Words You Can't Say (Optional)
    </p>
    <label
      className="sc-Axmtr sc-AxmLO jMZnwH"
      htmlFor="word1"
    >
      Word 1
    </label>
    <input
      className="sc-AxhUy dcifbi"
      id="word1"
      maxLength={35}
      name="word1"
      onBlur={[Function]}
      onChange={[Function]}
      placeholder=""
      tabIndex="2"
      type="text"
      value=""
    />
    <label
      className="sc-Axmtr sc-AxmLO jMZnwH"
      htmlFor="word2"
    >
      Word 2
    </label>
    <input
      className="sc-AxhUy dcifbi"
      id="word2"
      maxLength={35}
      name="word2"
      onBlur={[Function]}
      onChange={[Function]}
      placeholder=""
      tabIndex="2"
      type="text"
      value=""
    />
    <label
      className="sc-Axmtr sc-AxmLO jMZnwH"
      htmlFor="word3"
    >
      Word 3
    </label>
    <input
      className="sc-AxhUy dcifbi"
      id="word3"
      maxLength={35}
      name="word3"
      onBlur={[Function]}
      onChange={[Function]}
      placeholder=""
      tabIndex="3"
      type="text"
      value=""
    />
    <label
      className="sc-Axmtr sc-AxmLO jMZnwH"
      htmlFor="word4"
    >
      Word 4
    </label>
    <input
      className="sc-AxhUy dcifbi"
      id="word4"
      maxLength={35}
      name="word4"
      onBlur={[Function]}
      onChange={[Function]}
      placeholder=""
      tabIndex="4"
      type="text"
      value=""
    />
    <label
      className="sc-Axmtr sc-AxmLO jMZnwH"
      htmlFor="word5"
    >
      Word 5
    </label>
    <input
      className="sc-AxhUy dcifbi"
      id="word5"
      maxLength={35}
      name="word5"
      onBlur={[Function]}
      onChange={[Function]}
      placeholder=""
      tabIndex="5"
      type="text"
      value=""
    />
  </div>
</form>
`;
